<html>
<body>
<pre>
<h1>µVision Build Log</h1>
<h2>Tool Versions:</h2>
IDE-Version: ¶ÃVision V5.13.0.0
Copyright (C) 2014 ARM Ltd and ARM Germany GmbH. All rights reserved.
License Information: fdas sads, tct, LIC=8MZJJ-UCWUU-5BYEB-2LC1V-3ST4A-RCYDI
 
Tool Versions:
Toolchain:       MDK-ARM Professional  Version: 5.13.0.0
Toolchain Path:  E:\KEIL_v5.13\ARM\ARMCC\Bin
C Compiler:      Armcc.exe V5.05 update 1 (build 106)
Assembler:       Armasm.exe V5.05 update 1 (build 106)
Linker/Locator:  ArmLink.exe V5.05 update 1 (build 106)
Library Manager: ArmAr.exe V5.05 update 1 (build 106)
Hex Converter:   FromElf.exe V5.05 update 1 (build 106)
CPU DLL:         SARMCM3.DLL V5.13.0.0
Dialog DLL:      DCM.DLL V1.13.1.0
Target DLL:      Segger\JL2CM3.dll V2.99.11.0
Dialog DLL:      TCM.DLL V1.14.4.0
 
<h2>Project:</h2>
D:\TW705_NewHardWare_H\Software\tw70_new_lcd≤‚ ‘\HBgghypt_tw705_M69_stm32F207_newLCD\bsp\stm32f207VC_tw705\project.uvproj
Project File Date:  02/04/2015

<h2>Output:</h2>
Build target 'rt-thread_stm32f4xx'
compiling startup.c...
compiling SMS.c...
app_712\gsm\SMS.c(85): warning:  #167-D: argument of type "u8 *" is incompatible with parameter of type "char *restrict"
                sprintf(SMS_Service.SMSAtSend,"AT+CMGR=%d\r\n",SMS_Service.SMIndex);
app_712\gsm\SMS.c(105): warning:  #167-D: argument of type "char *" is incompatible with parameter of type "u8 *"
                        SetPhoneNumToPDU(SMS_Service.Sms_Info.TPA, SMS_Service.SMS_destNum, sizeof(SMS_Service.Sms_Info.TPA));
app_712\gsm\SMS.c(105): warning:  #167-D: argument of type "u8 *" is incompatible with parameter of type "char *"
                        SetPhoneNumToPDU(SMS_Service.Sms_Info.TPA, SMS_Service.SMS_destNum, sizeof(SMS_Service.Sms_Info.TPA));
app_712\gsm\SMS.c(107): warning:  #167-D: argument of type "u8 *" is incompatible with parameter of type "const char *"
                        ContentLen=AnySmsEncode_NoCenter(SMS_Service.Sms_Info.TPA,GSM_UCS2,SMS_Service.SMS_sd_Content,strlen(SMS_Service.SMS_sd_Content),pstrTemp);
app_712\gsm\SMS.c(107): warning:  #167-D: argument of type "char *" is incompatible with parameter of type "const u8 *"
                        ContentLen=AnySmsEncode_NoCenter(SMS_Service.Sms_Info.TPA,GSM_UCS2,SMS_Service.SMS_sd_Content,strlen(SMS_Service.SMS_sd_Content),pstrTemp);
app_712\gsm\SMS.c(107): warning:  #167-D: argument of type "char *" is incompatible with parameter of type "u8 *"
                        ContentLen=AnySmsEncode_NoCenter(SMS_Service.Sms_Info.TPA,GSM_UCS2,SMS_Service.SMS_sd_Content,strlen(SMS_Service.SMS_sd_Content),pstrTemp);
app_712\gsm\SMS.c(119): warning:  #167-D: argument of type "char *" is incompatible with parameter of type "u8 *"
                        rt_hw_gsm_output_Data( ( char * ) pstrTemp, ContentLen+1); 
app_712\gsm\SMS.c(129): warning:  #167-D: argument of type "u8 *" is incompatible with parameter of type "char *restrict"
                        strcat(SMS_Service.SMSAtSend,SMS_Service.SMS_destNum);
app_712\gsm\SMS.c(129): warning:  #167-D: argument of type "u8 *" is incompatible with parameter of type "const char *restrict"
                        strcat(SMS_Service.SMSAtSend,SMS_Service.SMS_destNum);
app_712\gsm\SMS.c(130): warning:  #167-D: argument of type "u8 *" is incompatible with parameter of type "char *restrict"
                        strcat(SMS_Service.SMSAtSend,"\"\r\n");
app_712\gsm\SMS.c(136): warning:  #167-D: argument of type "u8 *" is incompatible with parameter of type "const char *"
                        ContentLen=strlen(SMS_Service.SMS_sd_Content);
app_712\gsm\SMS.c(139): warning:  #167-D: argument of type "char *" is incompatible with parameter of type "u8 *"
                        rt_hw_gsm_output_Data( ( char * ) SMS_Service.SMS_sd_Content, ContentLen+1); 
app_712\gsm\SMS.c(155): warning:  #167-D: argument of type "u8 *" is incompatible with parameter of type "const char *"
        if(strlen(instr)+strlen(SMS_Service.SMS_sd_Content) < sizeof(SMS_Service.SMS_sd_Content))
app_712\gsm\SMS.c(217): warning:  #167-D: argument of type "char *" is incompatible with parameter of type "u8 *"
             vin_set(sms_content);
app_712\gsm\SMS.c(279): warning:  #223-D: function "password" declared implicitly
                         password(1);
app_712\gsm\SMS.c(282): warning:  #167-D: argument of type "u8 *" is incompatible with parameter of type "char *restrict"
                         strcpy(SMS_Service.SMS_sd_Content,"TW705"); 
app_712\gsm\SMS.c(283): warning:  #167-D: argument of type "u8 *" is incompatible with parameter of type "char *restrict"
                         strcat(SMS_Service.SMS_sd_Content,"#");
app_712\gsm\SMS.c(284): warning:  #167-D: argument of type "u8 *" is incompatible with parameter of type "char *restrict"
                         strcat(SMS_Service.SMS_sd_Content,"SETOK"); 
app_712\gsm\SMS.c(285): warning:  #167-D: argument of type "u8 *" is incompatible with parameter of type "const char *"
                         memcpy(SMS_Service.SMS_sd_Content+strlen(SMS_Service.SMS_sd_Content),instr+4,58);  
app_712\gsm\SMS.c(296): warning:  #167-D: argument of type "u8 *" is incompatible with parameter of type "char *restrict"
        strcpy(SMS_Service.SMS_sd_Content,Vechicle_Info.Vech_Num);
app_712\gsm\SMS.c(296): warning:  #167-D: argument of type "u8 *" is incompatible with parameter of type "const char *restrict"
        strcpy(SMS_Service.SMS_sd_Content,Vechicle_Info.Vech_Num);
app_712\gsm\SMS.c(297): warning:  #167-D: argument of type "u8 *" is incompatible with parameter of type "char *restrict"
        strcat(SMS_Service.SMS_sd_Content,"#");// Debug
app_712\gsm\SMS.c(298): warning:  #167-D: argument of type "u8 *" is incompatible with parameter of type "char *restrict"
        strcat(SMS_Service.SMS_sd_Content,SimID_12D);// Debug
app_712\gsm\SMS.c(298): warning:  #167-D: argument of type "u8 *" is incompatible with parameter of type "const char *restrict"
        strcat(SMS_Service.SMS_sd_Content,SimID_12D);// Debug
app_712\gsm\SMS.c(301): warning:  #167-D: argument of type "u8 *" is incompatible with parameter of type "char *restrict"
           strcat(SMS_Service.SMS_sd_Content,"#K1");// ∞Ê±æ–≈œ¢  
app_712\gsm\SMS.c(304): warning:  #167-D: argument of type "u8 *" is incompatible with parameter of type "char *restrict"
           strcat(SMS_Service.SMS_sd_Content,"#H1");// ∞Ê±æ–≈œ¢          
app_712\gsm\SMS.c(306): warning:  #167-D: argument of type "u8 *" is incompatible with parameter of type "char *restrict"
           strcat(SMS_Service.SMS_sd_Content,"#QT");// QT ∞Ê±æ–≈œ¢              
app_712\gsm\SMS.c(387): warning:  #181-D: argument is incompatible with corresponding format string conversion
                                j=sscanf(sms_content,"%u",&u16Temp);
app_712\gsm\SMS.c(431): warning:  #181-D: argument is incompatible with corresponding format string conversion
                                j=sscanf(sms_content,"%u",&u16Temp);
app_712\gsm\SMS.c(436): warning:  #167-D: argument of type "char *" is incompatible with parameter of type "u8 *"
                                                dur(sms_content);
app_712\gsm\SMS.c(567): warning:  #167-D: argument of type "char *" is incompatible with parameter of type "u8 *"
                                     vin_set(sms_content);
app_712\gsm\SMS.c(638): warning:  #167-D: argument of type "char *" is incompatible with parameter of type "u8 *"
                                     TTS_Get_Data(sms_content,strlen(sms_content));
app_712\gsm\SMS.c(648): warning:  #167-D: argument of type "u8 *" is incompatible with parameter of type "char *restrict"
                                                                         strcat(SMS_Service.SMS_sd_Content,"#");// ∑÷∏Ù∑˚∫≈
app_712\gsm\SMS.c(649): warning:  #167-D: argument of type "u8 *" is incompatible with parameter of type "char *restrict"
                                       strcat(SMS_Service.SMS_sd_Content,DeviceNumberID);// ÷’∂ÀID
app_712\gsm\SMS.c(649): warning:  #167-D: argument of type "u8 *" is incompatible with parameter of type "const char *restrict"
                                       strcat(SMS_Service.SMS_sd_Content,DeviceNumberID);// ÷’∂ÀID
app_712\gsm\SMS.c(650): warning:  #167-D: argument of type "u8 *" is incompatible with parameter of type "char *restrict"
                                       strcat(SMS_Service.SMS_sd_Content,"#");// ∑÷∏Ù∑˚∫≈
app_712\gsm\SMS.c(651): warning:  #167-D: argument of type "u8 *" is incompatible with parameter of type "char *restrict"
                                       strcat(SMS_Service.SMS_sd_Content,DomainNameStr);// ∑÷∏Ù∑˚∫≈
app_712\gsm\SMS.c(651): warning:  #167-D: argument of type "u8 *" is incompatible with parameter of type "const char *restrict"
                                       strcat(SMS_Service.SMS_sd_Content,DomainNameStr);// ∑÷∏Ù∑˚∫≈
app_712\gsm\SMS.c(652): warning:  #167-D: argument of type "u8 *" is incompatible with parameter of type "char *restrict"
                                       strcat(SMS_Service.SMS_sd_Content,"#");// ∑÷∏Ù∑˚∫≈
app_712\gsm\SMS.c(653): warning:  #167-D: argument of type "u8 *" is incompatible with parameter of type "const char *"
                                       sprintf(SMS_Service.SMS_sd_Content+strlen(SMS_Service.SMS_sd_Content),"%d",RemotePort_main); 
app_712\gsm\SMS.c(653): warning:  #167-D: argument of type "u8 *" is incompatible with parameter of type "char *restrict"
                                       sprintf(SMS_Service.SMS_sd_Content+strlen(SMS_Service.SMS_sd_Content),"%d",RemotePort_main); 
app_712\gsm\SMS.c(658): warning:  #167-D: argument of type "u8 *" is incompatible with parameter of type "char *restrict"
                                                                        strcat(SMS_Service.SMS_sd_Content,"#");// ∑÷∏Ù∑˚∫≈
app_712\gsm\SMS.c(660): warning:  #167-D: argument of type "u8 *" is incompatible with parameter of type "char *restrict"
                                           strcat(SMS_Service.SMS_sd_Content,"MODE(mainlink)");
app_712\gsm\SMS.c(662): warning:  #167-D: argument of type "u8 *" is incompatible with parameter of type "char *restrict"
                                           strcat(SMS_Service.SMS_sd_Content,"MODE(dnsr)");
app_712\gsm\SMS.c(663): warning:  #167-D: argument of type "u8 *" is incompatible with parameter of type "char *restrict"
                                                                        strcat(SMS_Service.SMS_sd_Content,"#");// ∑÷∏Ù∑˚∫≈
app_712\gsm\SMS.c(664): warning:  #167-D: argument of type "u8 *" is incompatible with parameter of type "const char *"
                                                                        IP_Str(SMS_Service.SMS_sd_Content+strlen(SMS_Service.SMS_sd_Content), *( u32 * ) RemoteIP_main);
app_712\gsm\SMS.c(664): warning:  #167-D: argument of type "u8 *" is incompatible with parameter of type "char *"
                                                                        IP_Str(SMS_Service.SMS_sd_Content+strlen(SMS_Service.SMS_sd_Content), *( u32 * ) RemoteIP_main);
app_712\gsm\SMS.c(665): warning:  #167-D: argument of type "u8 *" is incompatible with parameter of type "char *restrict"
                                                                    strcat(SMS_Service.SMS_sd_Content,"#");// ∑÷∏Ù∑˚∫≈
app_712\gsm\SMS.c(666): warning:  #167-D: argument of type "u8 *" is incompatible with parameter of type "const char *"
                                      sprintf(SMS_Service.SMS_sd_Content+strlen(SMS_Service.SMS_sd_Content),"%d",RemotePort_main);  
app_712\gsm\SMS.c(666): warning:  #167-D: argument of type "u8 *" is incompatible with parameter of type "char *restrict"
                                      sprintf(SMS_Service.SMS_sd_Content+strlen(SMS_Service.SMS_sd_Content),"%d",RemotePort_main);  
app_712\gsm\SMS.c(670): warning:  #167-D: argument of type "u8 *" is incompatible with parameter of type "char *restrict"
                                                                    strcat(SMS_Service.SMS_sd_Content,"#");// ∑÷∏Ù∑˚∫≈
app_712\gsm\SMS.c(671): warning:  #167-D: argument of type "u8 *" is incompatible with parameter of type "char *restrict"
                                      strcat(SMS_Service.SMS_sd_Content,Posit_ASCII.Lat_ASCII);// ∑÷∏Ù∑˚∫≈
app_712\gsm\SMS.c(671): warning:  #167-D: argument of type "u8 *" is incompatible with parameter of type "const char *restrict"
                                      strcat(SMS_Service.SMS_sd_Content,Posit_ASCII.Lat_ASCII);// ∑÷∏Ù∑˚∫≈
app_712\gsm\SMS.c(672): warning:  #167-D: argument of type "u8 *" is incompatible with parameter of type "char *restrict"
                                      strcat(SMS_Service.SMS_sd_Content,"#");// ∑÷∏Ù∑˚∫≈
app_712\gsm\SMS.c(673): warning:  #167-D: argument of type "u8 *" is incompatible with parameter of type "char *restrict"
                                      strcat(SMS_Service.SMS_sd_Content,Posit_ASCII.Longi_ASCII);// ∑÷∏Ù∑˚∫≈
app_712\gsm\SMS.c(673): warning:  #167-D: argument of type "u8 *" is incompatible with parameter of type "const char *restrict"
                                      strcat(SMS_Service.SMS_sd_Content,Posit_ASCII.Longi_ASCII);// ∑÷∏Ù∑˚∫≈
app_712\gsm\SMS.c(674): warning:  #167-D: argument of type "u8 *" is incompatible with parameter of type "char *restrict"
                                      strcat(SMS_Service.SMS_sd_Content,"#");// ∑÷∏Ù∑˚∫≈
app_712\gsm\SMS.c(675): warning:  #167-D: argument of type "u8 *" is incompatible with parameter of type "char *restrict"
                                      strcat(SMS_Service.SMS_sd_Content,&Posit_ASCII.AV_ASCII);// ∑÷∏Ù∑˚∫≈
app_712\gsm\SMS.c(675): warning:  #167-D: argument of type "u8 *" is incompatible with parameter of type "const char *restrict"
                                      strcat(SMS_Service.SMS_sd_Content,&Posit_ASCII.AV_ASCII);// ∑÷∏Ù∑˚∫≈
app_712\gsm\SMS.c(676): warning:  #167-D: argument of type "u8 *" is incompatible with parameter of type "char *restrict"
                                                                        strcat(SMS_Service.SMS_sd_Content,"#");// ∑÷∏Ù∑˚∫≈
app_712\gsm\SMS.c(679): warning:  #167-D: argument of type "u8 *" is incompatible with parameter of type "char *restrict"
                                                                          strcat(SMS_Service.SMS_sd_Content,"BD");
app_712\gsm\SMS.c(683): warning:  #167-D: argument of type "u8 *" is incompatible with parameter of type "char *restrict"
                                                                          strcat(SMS_Service.SMS_sd_Content,"GPS");
app_712\gsm\SMS.c(687): warning:  #167-D: argument of type "u8 *" is incompatible with parameter of type "char *restrict"
                                                                          strcat(SMS_Service.SMS_sd_Content,"BD+GPS");
app_712\gsm\SMS.c(689): warning:  #167-D: argument of type "u8 *" is incompatible with parameter of type "char *restrict"
                                       strcat(SMS_Service.SMS_sd_Content,"#");// ∑÷∏Ù∑˚∫≈
app_712\gsm\SMS.c(690): warning:  #167-D: argument of type "u8 *" is incompatible with parameter of type "const char *"
                                       sprintf(SMS_Service.SMS_sd_Content+strlen(SMS_Service.SMS_sd_Content),"%d",ModuleSQ); 
app_712\gsm\SMS.c(690): warning:  #167-D: argument of type "u8 *" is incompatible with parameter of type "char *restrict"
                                       sprintf(SMS_Service.SMS_sd_Content+strlen(SMS_Service.SMS_sd_Content),"%d",ModuleSQ); 
app_712\gsm\SMS.c(694): warning:  #167-D: argument of type "u8 *" is incompatible with parameter of type "char *restrict"
                                                               strcat(SMS_Service.SMS_sd_Content,"#provinceid(");// ∑÷∏Ù∑˚∫≈                                                           
app_712\gsm\SMS.c(695): warning:  #167-D: argument of type "u8 *" is incompatible with parameter of type "const char *"
                                                               sprintf(SMS_Service.SMS_sd_Content+strlen(SMS_Service.SMS_sd_Content),"%d",Vechicle_Info.Dev_ProvinceID); 
app_712\gsm\SMS.c(695): warning:  #167-D: argument of type "u8 *" is incompatible with parameter of type "char *restrict"
                                                               sprintf(SMS_Service.SMS_sd_Content+strlen(SMS_Service.SMS_sd_Content),"%d",Vechicle_Info.Dev_ProvinceID); 
app_712\gsm\SMS.c(696): warning:  #167-D: argument of type "u8 *" is incompatible with parameter of type "char *restrict"
                                                               strcat(SMS_Service.SMS_sd_Content,")#");// ∑÷∏Ù∑˚∫≈                                                             
app_712\gsm\SMS.c(697): warning:  #167-D: argument of type "u8 *" is incompatible with parameter of type "char *restrict"
                                                               strcat(SMS_Service.SMS_sd_Content,"cityid(");// ∑÷∏Ù∑˚∫≈                                                        
app_712\gsm\SMS.c(698): warning:  #167-D: argument of type "u8 *" is incompatible with parameter of type "const char *"
                                                               sprintf(SMS_Service.SMS_sd_Content+strlen(SMS_Service.SMS_sd_Content),"%d)",Vechicle_Info.Dev_CityID); 
app_712\gsm\SMS.c(698): warning:  #167-D: argument of type "u8 *" is incompatible with parameter of type "char *restrict"
                                                               sprintf(SMS_Service.SMS_sd_Content+strlen(SMS_Service.SMS_sd_Content),"%d)",Vechicle_Info.Dev_CityID); 
app_712\gsm\SMS.c(699): warning:  #167-D: argument of type "u8 *" is incompatible with parameter of type "char *restrict"
                                                                   strcat(SMS_Service.SMS_sd_Content,"#Online(");// ∑÷∏Ù∑˚∫≈                                                               
app_712\gsm\SMS.c(700): warning:  #167-D: argument of type "u8 *" is incompatible with parameter of type "const char *"
                                                               sprintf(SMS_Service.SMS_sd_Content+strlen(SMS_Service.SMS_sd_Content),"%d)",DataLink_Status());
app_712\gsm\SMS.c(700): warning:  #167-D: argument of type "u8 *" is incompatible with parameter of type "char *restrict"
                                                               sprintf(SMS_Service.SMS_sd_Content+strlen(SMS_Service.SMS_sd_Content),"%d)",DataLink_Status());
app_712\gsm\SMS.c(701): warning:  #167-D: argument of type "u8 *" is incompatible with parameter of type "char *restrict"
                                                                   strcat(SMS_Service.SMS_sd_Content,"#HWver(");// ∑÷∏Ù∑˚∫≈     
app_712\gsm\SMS.c(702): warning:  #167-D: argument of type "u8 *" is incompatible with parameter of type "const char *"
                                                                   sprintf(SMS_Service.SMS_sd_Content+strlen(SMS_Service.SMS_sd_Content),"%d)",HardWareVerion);  
app_712\gsm\SMS.c(702): warning:  #167-D: argument of type "u8 *" is incompatible with parameter of type "char *restrict"
                                                                   sprintf(SMS_Service.SMS_sd_Content+strlen(SMS_Service.SMS_sd_Content),"%d)",HardWareVerion);  
app_712\gsm\SMS.c(705): warning:  #167-D: argument of type "u8 *" is incompatible with parameter of type "char *restrict"
                                                                   strcat(SMS_Service.SMS_sd_Content,"#SpdType(");// ∑÷∏Ù∑˚∫≈                                                          
app_712\gsm\SMS.c(706): warning:  #167-D: argument of type "u8 *" is incompatible with parameter of type "const char *"
                                                               sprintf(SMS_Service.SMS_sd_Content+strlen(SMS_Service.SMS_sd_Content),"%d)", JT808Conf_struct.Speed_GetType); 
app_712\gsm\SMS.c(706): warning:  #167-D: argument of type "u8 *" is incompatible with parameter of type "char *restrict"
                                                               sprintf(SMS_Service.SMS_sd_Content+strlen(SMS_Service.SMS_sd_Content),"%d)", JT808Conf_struct.Speed_GetType); 
app_712\gsm\SMS.c(707): warning:  #167-D: argument of type "u8 *" is incompatible with parameter of type "char *restrict"
                                                                   strcat(SMS_Service.SMS_sd_Content,"#Adjust(");// ∑÷∏Ù∑˚∫≈                                                           
app_712\gsm\SMS.c(708): warning:  #167-D: argument of type "u8 *" is incompatible with parameter of type "const char *"
                                                               sprintf(SMS_Service.SMS_sd_Content+strlen(SMS_Service.SMS_sd_Content),"%d)", JT808Conf_struct.DF_K_adjustState);
app_712\gsm\SMS.c(708): warning:  #167-D: argument of type "u8 *" is incompatible with parameter of type "char *restrict"
                                                               sprintf(SMS_Service.SMS_sd_Content+strlen(SMS_Service.SMS_sd_Content),"%d)", JT808Conf_struct.DF_K_adjustState);
app_712\gsm\SMS.c(709): warning:  #167-D: argument of type "u8 *" is incompatible with parameter of type "char *restrict"
                                                                   strcat(SMS_Service.SMS_sd_Content,"#PlusNum(");// ∑÷∏Ù∑˚∫≈                                                          
app_712\gsm\SMS.c(710): warning:  #167-D: argument of type "u8 *" is incompatible with parameter of type "const char *"
                                                               sprintf(SMS_Service.SMS_sd_Content+strlen(SMS_Service.SMS_sd_Content),"%d)", JT808Conf_struct.Vech_Character_Value);
app_712\gsm\SMS.c(710): warning:  #167-D: argument of type "u8 *" is incompatible with parameter of type "char *restrict"
                                                               sprintf(SMS_Service.SMS_sd_Content+strlen(SMS_Service.SMS_sd_Content),"%d)", JT808Conf_struct.Vech_Character_Value);
app_712\gsm\SMS.c(713): warning:  #167-D: argument of type "u8 *" is incompatible with parameter of type "char *restrict"
                                                                    strcat(SMS_Service.SMS_sd_Content,"#gpsspd(");// ∑÷∏Ù∑˚∫≈                                                          
app_712\gsm\SMS.c(714): warning:  #167-D: argument of type "u8 *" is incompatible with parameter of type "const char *"
                                                               sprintf(SMS_Service.SMS_sd_Content+strlen(SMS_Service.SMS_sd_Content),"%d km/h)", Speed_gps/10);
app_712\gsm\SMS.c(714): warning:  #167-D: argument of type "u8 *" is incompatible with parameter of type "char *restrict"
                                                               sprintf(SMS_Service.SMS_sd_Content+strlen(SMS_Service.SMS_sd_Content),"%d km/h)", Speed_gps/10);
app_712\gsm\SMS.c(715): warning:  #167-D: argument of type "u8 *" is incompatible with parameter of type "char *restrict"
                                                                    strcat(SMS_Service.SMS_sd_Content,"#sensor(");// ∑÷∏Ù∑˚∫≈                                                          
app_712\gsm\SMS.c(716): warning:  #167-D: argument of type "u8 *" is incompatible with parameter of type "const char *"
                                                               sprintf(SMS_Service.SMS_sd_Content+strlen(SMS_Service.SMS_sd_Content),"%d km/h)", Speed_cacu/10);  
app_712\gsm\SMS.c(716): warning:  #167-D: argument of type "u8 *" is incompatible with parameter of type "char *restrict"
                                                               sprintf(SMS_Service.SMS_sd_Content+strlen(SMS_Service.SMS_sd_Content),"%d km/h)", Speed_cacu/10);  
app_712\gsm\SMS.c(751): warning:  #181-D: argument is incompatible with corresponding format string conversion
                                     j=sscanf(sms_content,"%d",&u16Temp);
app_712\gsm\SMS.c(769): warning:  #181-D: argument is incompatible with corresponding format string conversion
                                    j=sscanf(sms_content,"%d",&u16Temp);
app_712\gsm\SMS.c(798): warning:  #181-D: argument is incompatible with corresponding format string conversion
                  j=sscanf(sms_content,"%d",&u16Temp);
app_712\gsm\SMS.c(826): warning:  #167-D: argument of type "char *" is incompatible with parameter of type "u8 *"
                    provinceid(sms_content);
app_712\gsm\SMS.c(832): warning:  #167-D: argument of type "char *" is incompatible with parameter of type "u8 *"
                    cityid(sms_content); 
app_712\gsm\SMS.c(838): warning:  #181-D: argument is incompatible with corresponding format string conversion
                            j=sscanf(sms_content,"%d",&u16Temp);
app_712\gsm\SMS.c(879): warning:  #181-D: argument is incompatible with corresponding format string conversion
                                    j=sscanf(sms_content,"%d",&u16Temp);
app_712\gsm\SMS.c(890): warning:  #181-D: argument is incompatible with corresponding format string conversion
                                    j=sscanf(sms_content,"%d",&u16Temp);
app_712\gsm\SMS.c(901): warning:  #181-D: argument is incompatible with corresponding format string conversion
                                                j=sscanf(sms_content,"%d",&u16Temp);
app_712\gsm\SMS.c(918): warning:  #181-D: argument is incompatible with corresponding format string conversion
                                        j=sscanf(sms_content,"%u",&u16Temp);
app_712\gsm\SMS.c(182): warning:  #177-D: variable "res" was declared but never referenced
        u16     i=0,j=0,res=0;
app_712\gsm\SMS.c(973): warning:  #167-D: argument of type "char *" is incompatible with parameter of type "u8 *"
                SMS_protocol( instr + 5, len - 5 ,SMS_ACK_msg);
app_712\gsm\SMS.c(1013): warning:  #167-D: argument of type "char *" is incompatible with parameter of type "u8 *"
        len=GsmDecodePdu(GSM_rx,len,&SMS_Service.Sms_Info,pstrTemp);
app_712\gsm\SMS.c(1014): warning:  #167-D: argument of type "u8 *" is incompatible with parameter of type "char *"
        GetPhoneNumFromPDU( SMS_Service.SMS_destNum,  SMS_Service.Sms_Info.TPA, sizeof(SMS_Service.Sms_Info.TPA));
app_712\gsm\SMS.c(1014): warning:  #167-D: argument of type "char *" is incompatible with parameter of type "u8 *"
        GetPhoneNumFromPDU( SMS_Service.SMS_destNum,  SMS_Service.Sms_Info.TPA, sizeof(SMS_Service.Sms_Info.TPA));
app_712\gsm\SMS.c(1027): warning:  #167-D: argument of type "char *" is incompatible with parameter of type "u8 *"
                SMS_protocol( pstrTemp + 5, len - 5 ,SMS_ACK_msg);
app_712\gsm\SMS.c: 110 warnings, 0 errors
compiling app_hmi.c...
app_712\HMI\app_hmi.c(46): warning:  #167-D: argument of type "u8 *" is incompatible with parameter of type "const char *"
        memcpy(dayin_chepaifenlei+17,Vechicle_Info.Vech_Type,strlen(Vechicle_Info.Vech_Type));  //  3     
app_712\HMI\app_hmi.c(118): warning:  #167-D: argument of type "u8 *" is incompatible with parameter of type "char *restrict"
                                                  sprintf(print_buf,"\r\nº«¬º %d:",efftive_counter);
app_712\HMI\app_hmi.c(119): warning:  #167-D: argument of type "u8 *" is incompatible with parameter of type "const char *"
                                                  printer(print_buf);                     
app_712\HMI\app_hmi.c(123): warning:  #167-D: argument of type "u8 *" is incompatible with parameter of type "char *restrict"
                                                  sprintf(print_buf,"\r\n ¡¨–¯º› ªø™ º ±º‰: \r\n  20%2d-%d%d-%d%d %d%d:%d%d:%d%d",BCD2HEX(drive_illegalstr[18]),\
app_712\HMI\app_hmi.c(127): warning:  #167-D: argument of type "u8 *" is incompatible with parameter of type "const char *"
                                                  printer(print_buf); 
app_712\HMI\app_hmi.c(129): warning:  #167-D: argument of type "u8 *" is incompatible with parameter of type "char *restrict"
                                                  sprintf(print_buf,"\r\n ¡¨–¯º› ªΩ· ¯ ±º‰: \r\n  20%2d-%d%d-%d%d %d%d:%d%d:%d%d",BCD2HEX(drive_illegalstr[24]),\
app_712\HMI\app_hmi.c(133): warning:  #167-D: argument of type "u8 *" is incompatible with parameter of type "const char *"
                                                  printer(print_buf); 
app_712\HMI\app_hmi.c(157): warning:  #167-D: argument of type "u8 *" is incompatible with parameter of type "char *restrict"
                                           sprintf(print_buf,"\r\n  20%2d-%d%d-%d%d %d%d:%d%d  %d km/h",drive_illegalstr[i*7],\
app_712\HMI\app_hmi.c(161): warning:  #167-D: argument of type "u8 *" is incompatible with parameter of type "const char *"
                                           printer(print_buf);  
app_712\HMI\app_hmi.c(201): warning:  #223-D: function "TIRED_DoorValue_Init" declared implicitly
        TIRED_DoorValue_Init();  
app_712\HMI\app_hmi.c(28): warning:  #177-D: variable "HMI_MsgQue" was declared but never referenced
  static struct rt_messagequeue HMI_MsgQue; 
app_712\HMI\app_hmi.c: 11 warnings, 0 errors
compiling Menu_Include.c...
app_712\lcd\Menu_Include.c(153): warning:  #177-D: variable "i" was declared but never referenced
        u8 disp_spd=0,i=0;
app_712\lcd\Menu_Include.c: 1 warning, 0 errors
compiling Menu_0_0_self-Checking.c...
linking...
Program Size: Code=209404 RO-data=10384 RW-data=4952 ZI-data=92328  
After Build - User command #1: fromelf --bin --output=.\build\rt_stm32f4_drv.bin .\build\rt_stm32f4_drv.axf
".\build\rt_stm32f4_drv.axf" - 0 Error(s), 122 Warning(s).
</pre>
</body>
</html>
